
 RUN  v4.1.10 /home/runner/workspace/artifacts/api-server

--------------------------------------------------------------------------------[03:25:34.995] [32mINFO[39m (9243): [36mrequest completed[39m
    [35mreq[39m: {
      "id": 1,
      "method": "POST",
      "url": "/api/ai/chat/apply-changes"
    }
    [35mres[39m: {
      "statusCode": 400
    }
    [35mresponseTime[39m: 34
[03:25:35.029] [32mINFO[39m (9243): [36mrequest completed[39m
    [35mreq[39m: {
      "id": 2,
      "method": "POST",
      "url": "/api/ai/chat/apply-changes"
    }
    [35mres[39m: {
      "statusCode": 400
    }
    [35mresponseTime[39m: 4
···[03:25:37.739] [32mINFO[39m (9243): [36mrequest completed[39m
    [35mreq[39m: {
      "id": 3,
      "method": "POST",
      "url": "/api/ai/chat/apply-changes"
    }
    [35mres[39m: {
      "statusCode": 207
    }
    [35mresponseTime[39m: 2684
·[03:25:40.143] [32mINFO[39m (9243): [36mrequest completed[39m
    [35mreq[39m: {
      "id": 4,
      "method": "POST",
      "url": "/api/ai/chat/apply-changes"
    }
    [35mres[39m: {
      "statusCode": 207
    }
    [35mresponseTime[39m: 2361
·[03:25:42.033] [32mINFO[39m (9243): [36mrequest completed[39m
    [35mreq[39m: {
      "id": 5,
      "method": "POST",
      "url": "/api/ai/chat/apply-changes"
    }
    [35mres[39m: {
      "statusCode": 207
    }
    [35mresponseTime[39m: 1842
·[03:25:43.982] [32mINFO[39m (9243): [36mrequest completed[39m
    [35mreq[39m: {
      "id": 6,
      "method": "POST",
      "url": "/api/ai/chat/apply-changes"
    }
    [35mres[39m: {
      "statusCode": 207
    }
    [35mresponseTime[39m: 1907
·[03:25:45.538] [32mINFO[39m (9243): [36mrequest completed[39m
    [35mreq[39m: {
      "id": 7,
      "method": "POST",
      "url": "/api/ai/chat/apply-changes"
    }
    [35mres[39m: {
      "statusCode": 207
    }
    [35mresponseTime[39m: 1522
[03:25:47.171] [32mINFO[39m (9243): [36mrequest completed[39m
    [35mreq[39m: {
      "id": 8,
      "method": "POST",
      "url": "/api/ai/chat/apply-changes"
    }
    [35mres[39m: {
      "statusCode": 207
    }
    [35mresponseTime[39m: 1588
··