
 RUN  v4.1.10 /home/runner/workspace/artifacts/api-server

--------------------------------------------------------------------------------··x[03:19:00.607] [32mINFO[39m (8996): [36mrequest completed[39m
    [35mreq[39m: {
      "id": 1,
      "method": "POST",
      "url": "/api/ai/chat/apply-changes"
    }
    [35mres[39m: {
      "statusCode": 400
    }
    [35mresponseTime[39m: 37
[03:19:00.636] [32mINFO[39m (8996): [36mrequest completed[39m
    [35mreq[39m: {
      "id": 2,
      "method": "POST",
      "url": "/api/ai/chat/apply-changes"
    }
    [35mres[39m: {
      "statusCode": 400
    }
    [35mresponseTime[39m: 4
[03:19:01.027] [31mERROR[39m (8996): [36mCannot copy a socket file: cp returned EINVAL (cannot copy a socket file: /home/runner/workspace/.engineeringos-delivery/22ee5546-973a-446f-a299-b779cd09b733/.org.chromium.Chromium.demGqb/SingletonSocket) /home/runner/workspace/.engineeringos-delivery/22ee5546-973a-446f-a299-b779cd09b733/.org.chromium.Chromium.demGqb/SingletonSocket[39m
    err: {
      "type": "NodeError",
      "message": "Cannot copy a socket file: cp returned EINVAL (cannot copy a socket file: /home/runner/workspace/.engineeringos-delivery/22ee5546-973a-446f-a299-b779cd09b733/.org.chromium.Chromium.demGqb/SingletonSocket) /home/runner/workspace/.engineeringos-delivery/22ee5546-973a-446f-a299-b779cd09b733/.org.chromium.Chromium.demGqb/SingletonSocket",
      "stack":
          SystemError: Cannot copy a socket file: cp returned EINVAL (cannot copy a socket file: /home/runner/workspace/.engineeringos-delivery/22ee5546-973a-446f-a299-b779cd09b733/.org.chromium.Chromium.demGqb/SingletonSocket) /home/runner/workspace/.engineeringos-delivery/22ee5546-973a-446f-a299-b779cd09b733/.org.chromium.Chromium.demGqb/SingletonSocket
              at getStatsForCopy (node:internal/fs/cp/cp:214:11)
              at copyDir (node:internal/fs/cp/cp:320:19)
              at mkDirAndCopy (node:internal/fs/cp/cp:309:3)
              at copyDir (node:internal/fs/cp/cp:320:19)
              at mkDirAndCopy (node:internal/fs/cp/cp:309:3)
              at createDeliveryWorkspace (/home/runner/workspace/artifacts/api-server/src/lib/delivery-workspace.ts:158:5)
              at /home/runner/workspace/artifacts/api-server/src/routes/ai/chat.ts:6139:31
      "code": "ERR_FS_CP_SOCKET",
      "info": {
        "type": "Object",
        "message": "cannot copy a socket file: /home/runner/workspace/.engineeringos-delivery/22ee5546-973a-446f-a299-b779cd09b733/.org.chromium.Chromium.demGqb/SingletonSocket",
        "stack":
            
        "path": "/home/runner/workspace/.engineeringos-delivery/22ee5546-973a-446f-a299-b779cd09b733/.org.chromium.Chromium.demGqb/SingletonSocket",
        "syscall": "cp",
        "errno": 22,
        "code": "EINVAL"
      },
      "errno": 22,
      "syscall": "cp",
      "path": "/home/runner/workspace/.engineeringos-delivery/22ee5546-973a-446f-a299-b779cd09b733/.org.chromium.Chromium.demGqb/SingletonSocket"
    }
[03:19:01.033] [32mINFO[39m (8996): [36mrequest errored[39m
    [35mreq[39m: {
      "id": 3,
      "method": "POST",
      "url": "/api/ai/chat/apply-changes"
    }
    [35mres[39m: {
      "statusCode": 500
    }
    [35mresponseTime[39m: 375
    err: {
      "type": "Error",
      "message": "failed with status code 500",
      "stack":
          Error: failed with status code 500
              at onResFinished (/home/runner/workspace/node_modules/.pnpm/pino-http@10.5.0/node_modules/pino-http/logger.js:115:39)
              at ServerResponse.onResponseComplete (/home/runner/workspace/node_modules/.pnpm/pino-http@10.5.0/node_modules/pino-http/logger.js:178:14)
              at ServerResponse.emit (node:events:536:35)
              at onFinish (node:_http_outgoing:1031:10)
              at callback (node:internal/streams/writable:766:21)
              at afterWrite (node:internal/streams/writable:710:5)
              at afterWriteTick (node:internal/streams/writable:696:10)
              at processTicksAndRejections (node:internal/process/task_queues:81:21)
    }
[03:19:01.425] [31mERROR[39m (8996): [36mCannot copy a socket file: cp returned EINVAL (cannot copy a socket file: /home/runner/workspace/.engineeringos-delivery/45936aee-2cee-4d73-8b01-63f90c1ccf77/.org.chromium.Chromium.demGqb/SingletonSocket) /home/runner/workspace/.engineeringos-delivery/45936aee-2cee-4d73-8b01-63f90c1ccf77/.org.chromium.Chromium.demGqb/SingletonSocket[39m
    err: {
      "type": "NodeError",
      "message": "Cannot copy a socket file: cp returned EINVAL (cannot copy a socket file: /home/runner/workspace/.engineeringos-delivery/45936aee-2cee-4d73-8b01-63f90c1ccf77/.org.chromium.Chromium.demGqb/SingletonSocket) /home/runner/workspace/.engineeringos-delivery/45936aee-2cee-4d73-8b01-63f90c1ccf77/.org.chromium.Chromium.demGqb/SingletonSocket",
      "stack":
          SystemError: Cannot copy a socket file: cp returned EINVAL (cannot copy a socket file: /home/runner/workspace/.engineeringos-delivery/45936aee-2cee-4d73-8b01-63f90c1ccf77/.org.chromium.Chromium.demGqb/SingletonSocket) /home/runner/workspace/.engineeringos-delivery/45936aee-2cee-4d73-8b01-63f90c1ccf77/.org.chromium.Chromium.demGqb/SingletonSocket
              at getStatsForCopy (node:internal/fs/cp/cp:214:11)
              at copyDir (node:internal/fs/cp/cp:320:19)
              at mkDirAndCopy (node:internal/fs/cp/cp:309:3)
              at copyDir (node:internal/fs/cp/cp:320:19)
              at mkDirAndCopy (node:internal/fs/cp/cp:309:3)
              at createDeliveryWorkspace (/home/runner/workspace/artifacts/api-server/src/lib/delivery-workspace.ts:158:5)
              at /home/runner/workspace/artifacts/api-server/src/routes/ai/chat.ts:6139:31
      "code": "ERR_FS_CP_SOCKET",
      "info": {
        "type": "Object",
        "message": "cannot copy a socket file: /home/runner/workspace/.engineeringos-delivery/45936aee-2cee-4d73-8b01-63f90c1ccf77/.org.chromium.Chromium.demGqb/SingletonSocket",
        "stack":
            
        "path": "/home/runner/workspace/.engineeringos-delivery/45936aee-2cee-4d73-8b01-63f90c1ccf77/.org.chromium.Chromium.demGqb/SingletonSocket",
        "syscall": "cp",
        "errno": 22,
        "code": "EINVAL"
      },
      "errno": 22,
      "syscall": "cp",
      "path": "/home/runner/workspace/.engineeringos-delivery/45936aee-2cee-4d73-8b01-63f90c1ccf77/.org.chromium.Chromium.demGqb/SingletonSocket"
    }
[03:19:01.426] [32mINFO[39m (8996): [36mrequest errored[39m
    [35mreq[39m: {
      "id": 4,
      "method": "POST",
      "url": "/api/ai/chat/apply-changes"
    }
    [35mres[39m: {
      "statusCode": 500
    }
    [35mresponseTime[39m: 346
    err: {
      "type": "Error",
      "message": "failed with status code 500",
      "stack":
          Error: failed with status code 500
              at onResFinished (/home/runner/workspace/node_modules/.pnpm/pino-http@10.5.0/node_modules/pino-http/logger.js:115:39)
              at ServerResponse.onResponseComplete (/home/runner/workspace/node_modules/.pnpm/pino-http@10.5.0/node_modules/pino-http/logger.js:178:14)
              at ServerResponse.emit (node:events:536:35)
              at onFinish (node:_http_outgoing:1031:10)
              at callback (node:internal/streams/writable:766:21)
              at afterWrite (node:internal/streams/writable:710:5)
              at afterWriteTick (node:internal/streams/writable:696:10)
              at processTicksAndRejections (node:internal/process/task_queues:81:21)
    }
xx[03:19:01.823] [31mERROR[39m (8996): [36mCannot copy a socket file: cp returned EINVAL (cannot copy a socket file: /home/runner/workspace/.engineeringos-delivery/6c20c709-44b9-491f-ac7b-9963fc39914d/.org.chromium.Chromium.demGqb/SingletonSocket) /home/runner/workspace/.engineeringos-delivery/6c20c709-44b9-491f-ac7b-9963fc39914d/.org.chromium.Chromium.demGqb/SingletonSocket[39m
    err: {
      "type": "NodeError",
      "message": "Cannot copy a socket file: cp returned EINVAL (cannot copy a socket file: /home/runner/workspace/.engineeringos-delivery/6c20c709-44b9-491f-ac7b-9963fc39914d/.org.chromium.Chromium.demGqb/SingletonSocket) /home/runner/workspace/.engineeringos-delivery/6c20c709-44b9-491f-ac7b-9963fc39914d/.org.chromium.Chromium.demGqb/SingletonSocket",
      "stack":
          SystemError: Cannot copy a socket file: cp returned EINVAL (cannot copy a socket file: /home/runner/workspace/.engineeringos-delivery/6c20c709-44b9-491f-ac7b-9963fc39914d/.org.chromium.Chromium.demGqb/SingletonSocket) /home/runner/workspace/.engineeringos-delivery/6c20c709-44b9-491f-ac7b-9963fc39914d/.org.chromium.Chromium.demGqb/SingletonSocket
              at getStatsForCopy (node:internal/fs/cp/cp:214:11)
              at copyDir (node:internal/fs/cp/cp:320:19)
              at mkDirAndCopy (node:internal/fs/cp/cp:309:3)
              at copyDir (node:internal/fs/cp/cp:320:19)
              at mkDirAndCopy (node:internal/fs/cp/cp:309:3)
              at createDeliveryWorkspace (/home/runner/workspace/artifacts/api-server/src/lib/delivery-workspace.ts:158:5)
              at /home/runner/workspace/artifacts/api-server/src/routes/ai/chat.ts:6139:31
      "code": "ERR_FS_CP_SOCKET",
      "info": {
        "type": "Object",
        "message": "cannot copy a socket file: /home/runner/workspace/.engineeringos-delivery/6c20c709-44b9-491f-ac7b-9963fc39914d/.org.chromium.Chromium.demGqb/SingletonSocket",
        "stack":
            
        "path": "/home/runner/workspace/.engineeringos-delivery/6c20c709-44b9-491f-ac7b-9963fc39914d/.org.chromium.Chromium.demGqb/SingletonSocket",
        "syscall": "cp",
        "errno": 22,
        "code": "EINVAL"
      },
      "errno": 22,
      "syscall": "cp",
      "path": "/home/runner/workspace/.engineeringos-delivery/6c20c709-44b9-491f-ac7b-9963fc39914d/.org.chromium.Chromium.demGqb/SingletonSocket"
    }
[03:19:01.824] [32mINFO[39m (8996): [36mrequest errored[39m
    [35mreq[39m: {
      "id": 5,
      "method": "POST",
      "url": "/api/ai/chat/apply-changes"
    }
    [35mres[39m: {
      "statusCode": 500
    }
    [35mresponseTime[39m: 355
    err: {
      "type": "Error",
      "message": "failed with status code 500",
      "stack":
          Error: failed with status code 500
              at onResFinished (/home/runner/workspace/node_modules/.pnpm/pino-http@10.5.0/node_modules/pino-http/logger.js:115:39)
              at ServerResponse.onResponseComplete (/home/runner/workspace/node_modules/.pnpm/pino-http@10.5.0/node_modules/pino-http/logger.js:178:14)
              at ServerResponse.emit (node:events:536:35)
              at onFinish (node:_http_outgoing:1031:10)
              at callback (node:internal/streams/writable:766:21)
              at afterWrite (node:internal/streams/writable:710:5)
              at afterWriteTick (node:internal/streams/writable:696:10)
              at processTicksAndRejections (node:internal/process/task_queues:81:21)
    }
[03:19:02.153] [31mERROR[39m (8996): [36mCannot copy a socket file: cp returned EINVAL (cannot copy a socket file: /home/runner/workspace/.engineeringos-delivery/449934f4-be9d-4894-b212-4653c14208fb/.org.chromium.Chromium.demGqb/SingletonSocket) /home/runner/workspace/.engineeringos-delivery/449934f4-be9d-4894-b212-4653c14208fb/.org.chromium.Chromium.demGqb/SingletonSocket[39m
    err: {
      "type": "NodeError",
      "message": "Cannot copy a socket file: cp returned EINVAL (cannot copy a socket file: /home/runner/workspace/.engineeringos-delivery/449934f4-be9d-4894-b212-4653c14208fb/.org.chromium.Chromium.demGqb/SingletonSocket) /home/runner/workspace/.engineeringos-delivery/449934f4-be9d-4894-b212-4653c14208fb/.org.chromium.Chromium.demGqb/SingletonSocket",
      "stack":
          SystemError: Cannot copy a socket file: cp returned EINVAL (cannot copy a socket file: /home/runner/workspace/.engineeringos-delivery/449934f4-be9d-4894-b212-4653c14208fb/.org.chromium.Chromium.demGqb/SingletonSocket) /home/runner/workspace/.engineeringos-delivery/449934f4-be9d-4894-b212-4653c14208fb/.org.chromium.Chromium.demGqb/SingletonSocket
              at getStatsForCopy (node:internal/fs/cp/cp:214:11)
              at copyDir (node:internal/fs/cp/cp:320:19)
              at mkDirAndCopy (node:internal/fs/cp/cp:309:3)
              at copyDir (node:internal/fs/cp/cp:320:19)
              at mkDirAndCopy (node:internal/fs/cp/cp:309:3)
              at createDeliveryWorkspace (/home/runner/workspace/artifacts/api-server/src/lib/delivery-workspace.ts:158:5)
              at /home/runner/workspace/artifacts/api-server/src/routes/ai/chat.ts:6139:31
      "code": "ERR_FS_CP_SOCKET",
      "info": {
        "type": "Object",
        "message": "cannot copy a socket file: /home/runner/workspace/.engineeringos-delivery/449934f4-be9d-4894-b212-4653c14208fb/.org.chromium.Chromium.demGqb/SingletonSocket",
        "stack":
            
        "path": "/home/runner/workspace/.engineeringos-delivery/449934f4-be9d-4894-b212-4653c14208fb/.org.chromium.Chromium.demGqb/SingletonSocket",
        "syscall": "cp",
        "errno": 22,
        "code": "EINVAL"
      },
      "errno": 22,
      "syscall": "cp",
      "path": "/home/runner/workspace/.engineeringos-delivery/449934f4-be9d-4894-b212-4653c14208fb/.org.chromium.Chromium.demGqb/SingletonSocket"
    }
[03:19:02.153] [32mINFO[39m (8996): [36mrequest errored[39m
    [35mreq[39m: {
      "id": 6,
      "method": "POST",
      "url": "/api/ai/chat/apply-changes"
    }
    [35mres[39m: {
      "statusCode": 500
    }
    [35mresponseTime[39m: 293
    err: {
      "type": "Error",
      "message": "failed with status code 500",
      "stack":
          Error: failed with status code 500
              at onResFinished (/home/runner/workspace/node_modules/.pnpm/pino-http@10.5.0/node_modules/pino-http/logger.js:115:39)
              at ServerResponse.onResponseComplete (/home/runner/workspace/node_modules/.pnpm/pino-http@10.5.0/node_modules/pino-http/logger.js:178:14)
              at ServerResponse.emit (node:events:536:35)
              at onFinish (node:_http_outgoing:1031:10)
              at callback (node:internal/streams/writable:766:21)
              at afterWrite (node:internal/streams/writable:710:5)
              at afterWriteTick (node:internal/streams/writable:696:10)
              at processTicksAndRejections (node:internal/process/task_queues:81:21)
    }
x[03:19:02.511] [31mERROR[39m (8996): [36mCannot copy a socket file: cp returned EINVAL (cannot copy a socket file: /home/runner/workspace/.engineeringos-delivery/0da44e69-03f5-42e1-b32d-9e5cbfd083f2/.org.chromium.Chromium.demGqb/SingletonSocket) /home/runner/workspace/.engineeringos-delivery/0da44e69-03f5-42e1-b32d-9e5cbfd083f2/.org.chromium.Chromium.demGqb/SingletonSocket[39m
    err: {
      "type": "NodeError",
      "message": "Cannot copy a socket file: cp returned EINVAL (cannot copy a socket file: /home/runner/workspace/.engineeringos-delivery/0da44e69-03f5-42e1-b32d-9e5cbfd083f2/.org.chromium.Chromium.demGqb/SingletonSocket) /home/runner/workspace/.engineeringos-delivery/0da44e69-03f5-42e1-b32d-9e5cbfd083f2/.org.chromium.Chromium.demGqb/SingletonSocket",
      "stack":
          SystemError: Cannot copy a socket file: cp returned EINVAL (cannot copy a socket file: /home/runner/workspace/.engineeringos-delivery/0da44e69-03f5-42e1-b32d-9e5cbfd083f2/.org.chromium.Chromium.demGqb/SingletonSocket) /home/runner/workspace/.engineeringos-delivery/0da44e69-03f5-42e1-b32d-9e5cbfd083f2/.org.chromium.Chromium.demGqb/SingletonSocket
              at getStatsForCopy (node:internal/fs/cp/cp:214:11)
              at copyDir (node:internal/fs/cp/cp:320:19)
              at mkDirAndCopy (node:internal/fs/cp/cp:309:3)
              at copyDir (node:internal/fs/cp/cp:320:19)
              at mkDirAndCopy (node:internal/fs/cp/cp:309:3)
              at createDeliveryWorkspace (/home/runner/workspace/artifacts/api-server/src/lib/delivery-workspace.ts:158:5)
              at /home/runner/workspace/artifacts/api-server/src/routes/ai/chat.ts:6139:31
      "code": "ERR_FS_CP_SOCKET",
      "info": {
        "type": "Object",
        "message": "cannot copy a socket file: /home/runner/workspace/.engineeringos-delivery/0da44e69-03f5-42e1-b32d-9e5cbfd083f2/.org.chromium.Chromium.demGqb/SingletonSocket",
        "stack":
            
        "path": "/home/runner/workspace/.engineeringos-delivery/0da44e69-03f5-42e1-b32d-9e5cbfd083f2/.org.chromium.Chromium.demGqb/SingletonSocket",
        "syscall": "cp",
        "errno": 22,
        "code": "EINVAL"
      },
      "errno": 22,
      "syscall": "cp",
      "path": "/home/runner/workspace/.engineeringos-delivery/0da44e69-03f5-42e1-b32d-9e5cbfd083f2/.org.chromium.Chromium.demGqb/SingletonSocket"
    }
[03:19:02.511] [32mINFO[39m (8996): [36mrequest errored[39m
    [35mreq[39m: {
      "id": 7,
      "method": "POST",
      "url": "/api/ai/chat/apply-changes"
    }
    [35mres[39m: {
      "statusCode": 500
    }
    [35mresponseTime[39m: 323
    err: {
      "type": "Error",
      "message": "failed with status code 500",
      "stack":
          Error: failed with status code 500
              at onResFinished (/home/runner/workspace/node_modules/.pnpm/pino-http@10.5.0/node_modules/pino-http/logger.js:115:39)
              at ServerResponse.onResponseComplete (/home/runner/workspace/node_modules/.pnpm/pino-http@10.5.0/node_modules/pino-http/logger.js:178:14)
              at ServerResponse.emit (node:events:536:35)
              at onFinish (node:_http_outgoing:1031:10)
              at callback (node:internal/streams/writable:766:21)
              at afterWrite (node:internal/streams/writable:710:5)
              at afterWriteTick (node:internal/streams/writable:696:10)
              at processTicksAndRejections (node:internal/process/task_queues:81:21)
    }
xx[03:19:02.887] [31mERROR[39m (8996): [36mCannot copy a socket file: cp returned EINVAL (cannot copy a socket file: /home/runner/workspace/.engineeringos-delivery/78cd0843-326b-4adc-9215-81a896b5dfac/.org.chromium.Chromium.demGqb/SingletonSocket) /home/runner/workspace/.engineeringos-delivery/78cd0843-326b-4adc-9215-81a896b5dfac/.org.chromium.Chromium.demGqb/SingletonSocket[39m
    err: {
      "type": "NodeError",
      "message": "Cannot copy a socket file: cp returned EINVAL (cannot copy a socket file: /home/runner/workspace/.engineeringos-delivery/78cd0843-326b-4adc-9215-81a896b5dfac/.org.chromium.Chromium.demGqb/SingletonSocket) /home/runner/workspace/.engineeringos-delivery/78cd0843-326b-4adc-9215-81a896b5dfac/.org.chromium.Chromium.demGqb/SingletonSocket",
      "stack":
          SystemError: Cannot copy a socket file: cp returned EINVAL (cannot copy a socket file: /home/runner/workspace/.engineeringos-delivery/78cd0843-326b-4adc-9215-81a896b5dfac/.org.chromium.Chromium.demGqb/SingletonSocket) /home/runner/workspace/.engineeringos-delivery/78cd0843-326b-4adc-9215-81a896b5dfac/.org.chromium.Chromium.demGqb/SingletonSocket
              at getStatsForCopy (node:internal/fs/cp/cp:214:11)
              at copyDir (node:internal/fs/cp/cp:320:19)
              at mkDirAndCopy (node:internal/fs/cp/cp:309:3)
              at copyDir (node:internal/fs/cp/cp:320:19)
              at mkDirAndCopy (node:internal/fs/cp/cp:309:3)
              at createDeliveryWorkspace (/home/runner/workspace/artifacts/api-server/src/lib/delivery-workspace.ts:158:5)
              at /home/runner/workspace/artifacts/api-server/src/routes/ai/chat.ts:6139:31
      "code": "ERR_FS_CP_SOCKET",
      "info": {
        "type": "Object",
        "message": "cannot copy a socket file: /home/runner/workspace/.engineeringos-delivery/78cd0843-326b-4adc-9215-81a896b5dfac/.org.chromium.Chromium.demGqb/SingletonSocket",
        "stack":
            
        "path": "/home/runner/workspace/.engineeringos-delivery/78cd0843-326b-4adc-9215-81a896b5dfac/.org.chromium.Chromium.demGqb/SingletonSocket",
        "syscall": "cp",
        "errno": 22,
        "code": "EINVAL"
      },
      "errno": 22,
      "syscall": "cp",
      "path": "/home/runner/workspace/.engineeringos-delivery/78cd0843-326b-4adc-9215-81a896b5dfac/.org.chromium.Chromium.demGqb/SingletonSocket"
    }
[03:19:02.888] [32mINFO[39m (8996): [36mrequest errored[39m
    [35mreq[39m: {
      "id": 8,
      "method": "POST",
      "url": "/api/ai/chat/apply-changes"
    }
    [35mres[39m: {
      "statusCode": 500
    }
    [35mresponseTime[39m: 338
    err: {
      "type": "Error",
      "message": "failed with status code 500",
      "stack":
          Error: failed with status code 500
              at onResFinished (/home/runner/workspace/node_modules/.pnpm/pino-http@10.5.0/node_modules/pino-http/logger.js:115:39)
              at ServerResponse.onResponseComplete (/home/runner/workspace/node_modules/.pnpm/pino-http@10.5.0/node_modules/pino-http/logger.js:178:14)
              at ServerResponse.emit (node:events:536:35)
              at onFinish (node:_http_outgoing:1031:10)
              at callback (node:internal/streams/writable:766:21)
              at afterWrite (node:internal/streams/writable:710:5)
              at afterWriteTick (node:internal/streams/writable:696:10)
              at processTicksAndRejections (node:internal/process/task_queues:81:21)
    }
[03:19:03.225] [31mERROR[39m (8996): [36mCannot copy a socket file: cp returned EINVAL (cannot copy a socket file: /home/runner/workspace/.engineeringos-delivery/0586d363-68dd-4ec4-82ee-54c6d70d4337/.org.chromium.Chromium.demGqb/SingletonSocket) /home/runner/workspace/.engineeringos-delivery/0586d363-68dd-4ec4-82ee-54c6d70d4337/.org.chromium.Chromium.demGqb/SingletonSocket[39m
    err: {
      "type": "NodeError",
      "message": "Cannot copy a socket file: cp returned EINVAL (cannot copy a socket file: /home/runner/workspace/.engineeringos-delivery/0586d363-68dd-4ec4-82ee-54c6d70d4337/.org.chromium.Chromium.demGqb/SingletonSocket) /home/runner/workspace/.engineeringos-delivery/0586d363-68dd-4ec4-82ee-54c6d70d4337/.org.chromium.Chromium.demGqb/SingletonSocket",
      "stack":
          SystemError: Cannot copy a socket file: cp returned EINVAL (cannot copy a socket file: /home/runner/workspace/.engineeringos-delivery/0586d363-68dd-4ec4-82ee-54c6d70d4337/.org.chromium.Chromium.demGqb/SingletonSocket) /home/runner/workspace/.engineeringos-delivery/0586d363-68dd-4ec4-82ee-54c6d70d4337/.org.chromium.Chromium.demGqb/SingletonSocket
              at getStatsForCopy (node:internal/fs/cp/cp:214:11)
              at copyDir (node:internal/fs/cp/cp:320:19)
              at mkDirAndCopy (node:internal/fs/cp/cp:309:3)
              at copyDir (node:internal/fs/cp/cp:320:19)
              at mkDirAndCopy (node:internal/fs/cp/cp:309:3)
              at createDeliveryWorkspace (/home/runner/workspace/artifacts/api-server/src/lib/delivery-workspace.ts:158:5)
              at /home/runner/workspace/artifacts/api-server/src/routes/ai/chat.ts:6139:31
      "code": "ERR_FS_CP_SOCKET",
      "info": {
        "type": "Object",
        "message": "cannot copy a socket file: /home/runner/workspace/.engineeringos-delivery/0586d363-68dd-4ec4-82ee-54c6d70d4337/.org.chromium.Chromium.demGqb/SingletonSocket",
        "stack":
            
        "path": "/home/runner/workspace/.engineeringos-delivery/0586d363-68dd-4ec4-82ee-54c6d70d4337/.org.chromium.Chromium.demGqb/SingletonSocket",
        "syscall": "cp",
        "errno": 22,
        "code": "EINVAL"
      },
      "errno": 22,
      "syscall": "cp",
      "path": "/home/runner/workspace/.engineeringos-delivery/0586d363-68dd-4ec4-82ee-54c6d70d4337/.org.chromium.Chromium.demGqb/SingletonSocket"
    }
[03:19:03.226] [32mINFO[39m (8996): [36mrequest errored[39m
    [35mreq[39m: {
      "id": 9,
      "method": "POST",
      "url": "/api/ai/chat/apply-changes"
    }
    [35mres[39m: {
      "statusCode": 500
    }
    [35mresponseTime[39m: 290
    err: {
      "type": "Error",
      "message": "failed with status code 500",
      "stack":
          Error: failed with status code 500
              at onResFinished (/home/runner/workspace/node_modules/.pnpm/pino-http@10.5.0/node_modules/pino-http/logger.js:115:39)
              at ServerResponse.onResponseComplete (/home/runner/workspace/node_modules/.pnpm/pino-http@10.5.0/node_modules/pino-http/logger.js:178:14)
              at ServerResponse.emit (node:events:536:35)
              at onFinish (node:_http_outgoing:1031:10)
              at callback (node:internal/streams/writable:766:21)
              at afterWrite (node:internal/streams/writable:710:5)
              at afterWriteTick (node:internal/streams/writable:696:10)
              at processTicksAndRejections (node:internal/process/task_queues:81:21)
    }
xx[03:19:03.605] [31mERROR[39m (8996): [36mCannot copy a socket file: cp returned EINVAL (cannot copy a socket file: /home/runner/workspace/.engineeringos-delivery/592d3ade-1e11-425f-b54b-1221c7736947/.org.chromium.Chromium.demGqb/SingletonSocket) /home/runner/workspace/.engineeringos-delivery/592d3ade-1e11-425f-b54b-1221c7736947/.org.chromium.Chromium.demGqb/SingletonSocket[39m
    err: {
      "type": "NodeError",
      "message": "Cannot copy a socket file: cp returned EINVAL (cannot copy a socket file: /home/runner/workspace/.engineeringos-delivery/592d3ade-1e11-425f-b54b-1221c7736947/.org.chromium.Chromium.demGqb/SingletonSocket) /home/runner/workspace/.engineeringos-delivery/592d3ade-1e11-425f-b54b-1221c7736947/.org.chromium.Chromium.demGqb/SingletonSocket",
      "stack":
          SystemError: Cannot copy a socket file: cp returned EINVAL (cannot copy a socket file: /home/runner/workspace/.engineeringos-delivery/592d3ade-1e11-425f-b54b-1221c7736947/.org.chromium.Chromium.demGqb/SingletonSocket) /home/runner/workspace/.engineeringos-delivery/592d3ade-1e11-425f-b54b-1221c7736947/.org.chromium.Chromium.demGqb/SingletonSocket
              at getStatsForCopy (node:internal/fs/cp/cp:214:11)
              at copyDir (node:internal/fs/cp/cp:320:19)
              at mkDirAndCopy (node:internal/fs/cp/cp:309:3)
              at copyDir (node:internal/fs/cp/cp:320:19)
              at mkDirAndCopy (node:internal/fs/cp/cp:309:3)
              at createDeliveryWorkspace (/home/runner/workspace/artifacts/api-server/src/lib/delivery-workspace.ts:158:5)
              at /home/runner/workspace/artifacts/api-server/src/routes/ai/chat.ts:6139:31
      "code": "ERR_FS_CP_SOCKET",
      "info": {
        "type": "Object",
        "message": "cannot copy a socket file: /home/runner/workspace/.engineeringos-delivery/592d3ade-1e11-425f-b54b-1221c7736947/.org.chromium.Chromium.demGqb/SingletonSocket",
        "stack":
            
        "path": "/home/runner/workspace/.engineeringos-delivery/592d3ade-1e11-425f-b54b-1221c7736947/.org.chromium.Chromium.demGqb/SingletonSocket",
        "syscall": "cp",
        "errno": 22,
        "code": "EINVAL"
      },
      "errno": 22,
      "syscall": "cp",
      "path": "/home/runner/workspace/.engineeringos-delivery/592d3ade-1e11-425f-b54b-1221c7736947/.org.chromium.Chromium.demGqb/SingletonSocket"
    }
[03:19:03.606] [32mINFO[39m (8996): [36mrequest errored[39m
    [35mreq[39m: {
      "id": 10,
      "method": "POST",
      "url": "/api/ai/chat/apply-changes"
    }
    [35mres[39m: {
      "statusCode": 500
    }
    [35mresponseTime[39m: 347
    err: {
      "type": "Error",
      "message": "failed with status code 500",
      "stack":
          Error: failed with status code 500
              at onResFinished (/home/runner/workspace/node_modules/.pnpm/pino-http@10.5.0/node_modules/pino-http/logger.js:115:39)
              at ServerResponse.onResponseComplete (/home/runner/workspace/node_modules/.pnpm/pino-http@10.5.0/node_modules/pino-http/logger.js:178:14)
              at ServerResponse.emit (node:events:536:35)
              at onFinish (node:_http_outgoing:1031:10)
              at callback (node:internal/streams/writable:766:21)
              at afterWrite (node:internal/streams/writable:710:5)
              at afterWriteTick (node:internal/streams/writable:696:10)
              at processTicksAndRejections (node:internal/process/task_queues:81:21)
    }
[03:19:03.954] [31mERROR[39m (8996): [36mCannot copy a socket file: cp returned EINVAL (cannot copy a socket file: /home/runner/workspace/.engineeringos-delivery/24b17dd2-2004-40cf-8bc6-3dfdb3bef07d/.org.chromium.Chromium.demGqb/SingletonSocket) /home/runner/workspace/.engineeringos-delivery/24b17dd2-2004-40cf-8bc6-3dfdb3bef07d/.org.chromium.Chromium.demGqb/SingletonSocket[39m
    err: {
      "type": "NodeError",
      "message": "Cannot copy a socket file: cp returned EINVAL (cannot copy a socket file: /home/runner/workspace/.engineeringos-delivery/24b17dd2-2004-40cf-8bc6-3dfdb3bef07d/.org.chromium.Chromium.demGqb/SingletonSocket) /home/runner/workspace/.engineeringos-delivery/24b17dd2-2004-40cf-8bc6-3dfdb3bef07d/.org.chromium.Chromium.demGqb/SingletonSocket",
      "stack":
          SystemError: Cannot copy a socket file: cp returned EINVAL (cannot copy a socket file: /home/runner/workspace/.engineeringos-delivery/24b17dd2-2004-40cf-8bc6-3dfdb3bef07d/.org.chromium.Chromium.demGqb/SingletonSocket) /home/runner/workspace/.engineeringos-delivery/24b17dd2-2004-40cf-8bc6-3dfdb3bef07d/.org.chromium.Chromium.demGqb/SingletonSocket
              at getStatsForCopy (node:internal/fs/cp/cp:214:11)
              at copyDir (node:internal/fs/cp/cp:320:19)
              at mkDirAndCopy (node:internal/fs/cp/cp:309:3)
              at copyDir (node:internal/fs/cp/cp:320:19)
              at mkDirAndCopy (node:internal/fs/cp/cp:309:3)
              at createDeliveryWorkspace (/home/runner/workspace/artifacts/api-server/src/lib/delivery-workspace.ts:158:5)
              at /home/runner/workspace/artifacts/api-server/src/routes/ai/chat.ts:6139:31
      "code": "ERR_FS_CP_SOCKET",
      "info": {
        "type": "Object",
        "message": "cannot copy a socket file: /home/runner/workspace/.engineeringos-delivery/24b17dd2-2004-40cf-8bc6-3dfdb3bef07d/.org.chromium.Chromium.demGqb/SingletonSocket",
        "stack":
            
        "path": "/home/runner/workspace/.engineeringos-delivery/24b17dd2-2004-40cf-8bc6-3dfdb3bef07d/.org.chromium.Chromium.demGqb/SingletonSocket",
        "syscall": "cp",
        "errno": 22,
        "code": "EINVAL"
      },
      "errno": 22,
      "syscall": "cp",
      "path": "/home/runner/workspace/.engineeringos-delivery/24b17dd2-2004-40cf-8bc6-3dfdb3bef07d/.org.chromium.Chromium.demGqb/SingletonSocket"
    }
[03:19:03.955] [32mINFO[39m (8996): [36mrequest errored[39m
    [35mreq[39m: {
      "id": 11,
      "method": "POST",
      "url": "/api/ai/chat/apply-changes"
    }
    [35mres[39m: {
      "statusCode": 500
    }
    [35mresponseTime[39m: 315
    err: {
      "type": "Error",
      "message": "failed with status code 500",
      "stack":
          Error: failed with status code 500
              at onResFinished (/home/runner/workspace/node_modules/.pnpm/pino-http@10.5.0/node_modules/pino-http/logger.js:115:39)
              at ServerResponse.onResponseComplete (/home/runner/workspace/node_modules/.pnpm/pino-http@10.5.0/node_modules/pino-http/logger.js:178:14)
              at ServerResponse.emit (node:events:536:35)
              at onFinish (node:_http_outgoing:1031:10)
              at callback (node:internal/streams/writable:766:21)
              at afterWrite (node:internal/streams/writable:710:5)
              at afterWriteTick (node:internal/streams/writable:696:10)
              at processTicksAndRejections (node:internal/process/task_queues:81:21)
    }
x[03:19:04.274] [31mERROR[39m (8996): [36mCannot copy a socket file: cp returned EINVAL (cannot copy a socket file: /home/runner/workspace/.engineeringos-delivery/7c2fa6db-f2b9-475e-b4a3-541b98581f3f/.org.chromium.Chromium.demGqb/SingletonSocket) /home/runner/workspace/.engineeringos-delivery/7c2fa6db-f2b9-475e-b4a3-541b98581f3f/.org.chromium.Chromium.demGqb/SingletonSocket[39m
    err: {
      "type": "NodeError",
      "message": "Cannot copy a socket file: cp returned EINVAL (cannot copy a socket file: /home/runner/workspace/.engineeringos-delivery/7c2fa6db-f2b9-475e-b4a3-541b98581f3f/.org.chromium.Chromium.demGqb/SingletonSocket) /home/runner/workspace/.engineeringos-delivery/7c2fa6db-f2b9-475e-b4a3-541b98581f3f/.org.chromium.Chromium.demGqb/SingletonSocket",
      "stack":
          SystemError: Cannot copy a socket file: cp returned EINVAL (cannot copy a socket file: /home/runner/workspace/.engineeringos-delivery/7c2fa6db-f2b9-475e-b4a3-541b98581f3f/.org.chromium.Chromium.demGqb/SingletonSocket) /home/runner/workspace/.engineeringos-delivery/7c2fa6db-f2b9-475e-b4a3-541b98581f3f/.org.chromium.Chromium.demGqb/SingletonSocket
              at getStatsForCopy (node:internal/fs/cp/cp:214:11)
              at copyDir (node:internal/fs/cp/cp:320:19)
              at mkDirAndCopy (node:internal/fs/cp/cp:309:3)
              at copyDir (node:internal/fs/cp/cp:320:19)
              at mkDirAndCopy (node:internal/fs/cp/cp:309:3)
              at createDeliveryWorkspace (/home/runner/workspace/artifacts/api-server/src/lib/delivery-workspace.ts:158:5)
              at /home/runner/workspace/artifacts/api-server/src/routes/ai/chat.ts:6139:31
      "code": "ERR_FS_CP_SOCKET",
      "info": {
        "type": "Object",
        "message": "cannot copy a socket file: /home/runner/workspace/.engineeringos-delivery/7c2fa6db-f2b9-475e-b4a3-541b98581f3f/.org.chromium.Chromium.demGqb/SingletonSocket",
        "stack":
            
        "path": "/home/runner/workspace/.engineeringos-delivery/7c2fa6db-f2b9-475e-b4a3-541b98581f3f/.org.chromium.Chromium.demGqb/SingletonSocket",
        "syscall": "cp",
        "errno": 22,
        "code": "EINVAL"
      },
      "errno": 22,
      "syscall": "cp",
      "path": "/home/runner/workspace/.engineeringos-delivery/7c2fa6db-f2b9-475e-b4a3-541b98581f3f/.org.chromium.Chromium.demGqb/SingletonSocket"
    }
[03:19:04.275] [32mINFO[39m (8996): [36mrequest errored[39m
    [35mreq[39m: {
      "id": 12,
      "method": "POST",
      "url": "/api/ai/chat/apply-changes"
    }
    [35mres[39m: {
      "statusCode": 500
    }
    [35mresponseTime[39m: 287
    err: {
      "type": "Error",
      "message": "failed with status code 500",
      "stack":
          Error: failed with status code 500
              at onResFinished (/home/runner/workspace/node_modules/.pnpm/pino-http@10.5.0/node_modules/pino-http/logger.js:115:39)
              at ServerResponse.onResponseComplete (/home/runner/workspace/node_modules/.pnpm/pino-http@10.5.0/node_modules/pino-http/logger.js:178:14)
              at ServerResponse.emit (node:events:536:35)
              at onFinish (node:_http_outgoing:1031:10)
              at callback (node:internal/streams/writable:766:21)
              at afterWrite (node:internal/streams/writable:710:5)
              at afterWriteTick (node:internal/streams/writable:696:10)
              at processTicksAndRejections (node:internal/process/task_queues:81:21)
    }
[03:19:04.312] [32mINFO[39m (8996): [36mrequest completed[39m
    [35mreq[39m: {
      "id": 13,
      "method": "POST",
      "url": "/api/ai/chat/apply-changes"
    }
    [35mres[39m: {
      "statusCode": 409
    }
    [35mresponseTime[39m: 5
[03:19:04.345] [32mINFO[39m (8996): [36mrequest completed[39m
    [35mreq[39m: {
      "id": 14,
      "method": "POST",
      "url": "/api/ai/chat/apply-changes"
    }
    [35mres[39m: {
      "statusCode": 409
    }
    [35mresponseTime[39m: 3
x··[03:19:04.381] [32mINFO[39m (8996): [36mrequest completed[39m
    [35mreq[39m: {
      "id": 15,
      "method": "POST",
      "url": "/api/ai/chat/apply-changes"
    }
    [35mres[39m: {
      "statusCode": 409
    }
    [35mresponseTime[39m: 5
[03:19:04.414] [32mINFO[39m (8996): [36mrequest completed[39m
    [35mreq[39m: {
      "id": 16,
      "method": "POST",
      "url": "/api/ai/chat/apply-changes"
    }
    [35mres[39m: {
      "statusCode": 409
    }
    [35mresponseTime[39m: 3
··[03:19:04.514] [32mINFO[39m (8996): [36mrequest completed[39m
    [35mreq[39m: {
      "id": 17,
      "method": "POST",
      "url": "/api/ai/chat/rebase-changes"
    }
    [35mres[39m: {
      "statusCode": 200
    }
    [35mresponseTime[39m: 62
[03:19:04.524] [32mINFO[39m (8996): [36mrequest completed[39m
    [35mreq[39m: {
      "id": 18,
      "method": "POST",
      "url": "/api/ai/chat/apply-changes"
    }
    [35mres[39m: {
      "statusCode": 409
    }
    [35mresponseTime[39m: 4
[03:19:04.534] [32mINFO[39m (8996): [36mrequest completed[39m
    [35mreq[39m: {
      "id": 19,
      "method": "POST",
      "url": "/api/ai/chat/proposals/7d0c4a37-8f8d-4178-b025-bc4770802a8f/approve"
    }
    [35mres[39m: {
      "statusCode": 200
    }
    [35mresponseTime[39m: 7
[03:19:04.576] [32mINFO[39m (8996): [36mrequest completed[39m
    [35mreq[39m: {
      "id": 20,
      "method": "POST",
      "url": "/api/ai/chat/rebase-changes"
    }
    [35mres[39m: {
      "statusCode": 409
    }
    [35mresponseTime[39m: 4
··-----------------------------

⎯⎯⎯⎯⎯⎯ Failed Tests 10 ⎯⎯⎯⎯⎯⎯⎯

 FAIL  src/routes/ai.test.ts > POST /api/ai/chat/apply-changes > emits a warning AiChangesApplied event when no file can be written
AssertionError: expected 500 to be 207 // Object.is equality

- Expected
+ Received

- 207
+ 500

 ❯ src/routes/ai.test.ts:2915:24
    2913|         changes: proposalChanges,
    2914|       });
    2915|     expect(res.status).toBe(207);
       |                        ^
    2916|     expect(res.body.results).toHaveLength(1);
    2917|     expect(res.body.results[0].ok).toBe(false);

⎯⎯⎯⎯⎯⎯⎯⎯⎯⎯⎯⎯⎯⎯⎯⎯⎯⎯⎯⎯⎯⎯⎯[1/10]⎯

 FAIL  src/routes/ai.test.ts > POST /api/ai/chat/apply-changes > does not promote a candidate when behavioral verification is unavailable
AssertionError: expected 500 to be 207 // Object.is equality

- Expected
+ Received

- 207
+ 500

 ❯ src/routes/ai.test.ts:2964:24
    2962|         changes: proposalChanges,
    2963|       });
    2964|     expect(res.status).toBe(207);
       |                        ^
    2965|     expect(res.body.results).toHaveLength(1);
    2966|     expect(res.body.results[0]).toMatchObject({

⎯⎯⎯⎯⎯⎯⎯⎯⎯⎯⎯⎯⎯⎯⎯⎯⎯⎯⎯⎯⎯⎯⎯[2/10]⎯

 FAIL  src/routes/ai.test.ts > POST /api/ai/chat/apply-changes > fails closed before promotion when behavioral verification is unavailable
AssertionError: expected 500 to be 207 // Object.is equality

- Expected
+ Received

- 207
+ 500

 ❯ src/routes/ai.test.ts:3028:26
    3026|         });
    3027|
    3028|       expect(res.status).toBe(207);
       |                          ^
    3029|       expect(res.body).toMatchObject({
    3030|         applyStatus: "BLOCKED",

⎯⎯⎯⎯⎯⎯⎯⎯⎯⎯⎯⎯⎯⎯⎯⎯⎯⎯⎯⎯⎯⎯⎯[3/10]⎯

 FAIL  src/routes/ai.test.ts > POST /api/ai/chat/apply-changes > blocks a destructive source-file replacement and leaves the original intact
AssertionError: expected 500 to be 207 // Object.is equality

- Expected
+ Received

- 207
+ 500

 ❯ src/routes/ai.test.ts:3121:26
    3119|         });
    3120|
    3121|       expect(res.status).toBe(207);
       |                          ^
    3122|       expect(res.body.results[0].ok).toBe(false);
    3123|       expect(res.body.results[0].error).toContain("destructive");

⎯⎯⎯⎯⎯⎯⎯⎯⎯⎯⎯⎯⎯⎯⎯⎯⎯⎯⎯⎯⎯⎯⎯[4/10]⎯

 FAIL  src/routes/ai.test.ts > POST /api/ai/chat/apply-changes > does not partially apply a safe sibling when another change is destructive
AssertionError: expected 500 to be 207 // Object.is equality

- Expected
+ Received

- 207
+ 500

 ❯ src/routes/ai.test.ts:3185:26
    3183|         });
    3184|
    3185|       expect(res.status).toBe(207);
       |                          ^
    3186|       expect(res.body.results.every((result: { ok: boolean }) => !resu…
    3187|       expect(await fs.readFile(dangerousPath, "utf-8")).toBe(original);

⎯⎯⎯⎯⎯⎯⎯⎯⎯⎯⎯⎯⎯⎯⎯⎯⎯⎯⎯⎯⎯⎯⎯[5/10]⎯

 FAIL  src/routes/ai.test.ts > POST /api/ai/chat/apply-changes > rejects applying a pending change when the file changed after proposal
AssertionError: expected 500 to be 207 // Object.is equality

- Expected
+ Received

- 207
+ 500

 ❯ src/routes/ai.test.ts:3232:26
    3230|           }],
    3231|         });
    3232|       expect(res.status).toBe(207);
       |                          ^
    3233|       expect(res.body.results[0].ok).toBe(false);
    3234|       expect(res.body.results[0].error).toContain("changed after");

⎯⎯⎯⎯⎯⎯⎯⎯⎯⎯⎯⎯⎯⎯⎯⎯⎯⎯⎯⎯⎯⎯⎯[6/10]⎯

 FAIL  src/routes/ai.test.ts > POST /api/ai/chat/apply-changes > returns a base-hash conflict and never writes a stale patch
AssertionError: expected 500 to be 207 // Object.is equality

- Expected
+ Received

- 207
+ 500

 ❯ src/routes/ai.test.ts:3279:26
    3277|         .send({ projectId: id, proposalId, changes: proposalChanges });
    3278|
    3279|       expect(res.status).toBe(207);
       |                          ^
    3280|       expect(res.body.results[0]).toMatchObject({
    3281|         ok: false,

⎯⎯⎯⎯⎯⎯⎯⎯⎯⎯⎯⎯⎯⎯⎯⎯⎯⎯⎯⎯⎯⎯⎯[7/10]⎯

 FAIL  src/routes/ai.test.ts > POST /api/ai/chat/apply-changes > aborts the whole batch when one accepted change has a stale base
AssertionError: expected 500 to be 207 // Object.is equality

- Expected
+ Received

- 207
+ 500

 ❯ src/routes/ai.test.ts:3347:26
    3345|         .send({ projectId: id, proposalId, changes: proposalChanges });
    3346|
    3347|       expect(res.status).toBe(207);
       |                          ^
    3348|       const staleResult = res.body.results.find((result: { path: strin…
    3349|       const validResult = res.body.results.find((result: { path: strin…

⎯⎯⎯⎯⎯⎯⎯⎯⎯⎯⎯⎯⎯⎯⎯⎯⎯⎯⎯⎯⎯⎯⎯[8/10]⎯

 FAIL  src/routes/ai.test.ts > POST /api/ai/chat/apply-changes > returns a hunk conflict even when the submitted base hash is current
AssertionError: expected 500 to be 207 // Object.is equality

- Expected
+ Received

- 207
+ 500

 ❯ src/routes/ai.test.ts:3409:26
    3407|         .send({ projectId: id, proposalId, changes: proposalChanges });
    3408|
    3409|       expect(res.status).toBe(207);
       |                          ^
    3410|       expect(res.body.results[0]).toMatchObject({
    3411|         ok: false,

⎯⎯⎯⎯⎯⎯⎯⎯⎯⎯⎯⎯⎯⎯⎯⎯⎯⎯⎯⎯⎯⎯⎯[9/10]⎯

 FAIL  src/routes/ai.test.ts > POST /api/ai/chat/apply-changes > applies a partial hunk selection — only accepted hunks are written via rebase
AssertionError: expected 500 to be 200 // Object.is equality

- Expected
+ Received

- 200
+ 500

 ❯ src/routes/ai.test.ts:3500:26
    3498|
    3499|       // allOk=true → 200; 207 is for partial success only.
    3500|       expect(res.status).toBe(200);
       |                          ^
    3501|       expect(res.body.results[0]).toMatchObject({ ok: true });
    3502|       // Only the first hunk (a→10) was applied; b stays at 2.

⎯⎯⎯⎯⎯⎯⎯⎯⎯⎯⎯⎯⎯⎯⎯⎯⎯⎯⎯⎯⎯⎯[10/10]⎯


 Test Files  1 failed (1)
      Tests  10 failed | 8 passed | 109 skipped (127)
   Start at  03:18:53
   Duration  10.95s (transform 4.24s, setup 0ms, import 6.66s, tests 4.07s, environment 0ms)

undefined
/home/runner/workspace/artifacts/api-server:
 ERR_PNPM_RECURSIVE_EXEC_FIRST_FAIL  Command failed with exit code 1: vitest run src/routes/ai.test.ts -t apply-changes --reporter=dot
