Scope: all 12 workspace projects

   ╭──────────────────────────────────────────╮
   │                                          │
   │   Update available! 10.26.1 → 11.24.0.   │
   │   Changelog: https://pnpm.io/v/11.24.0   │
   │     To update, run: pnpm add -g pnpm     │
   │                                          │
   ╰──────────────────────────────────────────╯

Lockfile is up to date, resolution step is skipped
Already up to date

. preinstall$ sh -c 'rm -f package-lock.json yarn.lock; case "$npm_config_user_agent" in pnpm/*) ;; *) echo "Use pnpm instead" >&2; exit 1 ;; esac'
. preinstall: Done
╭ Warning ─────────────────────────────────────────────────────────────────────╮
│                                                                              │
│   Ignored build scripts: @clerk/shared@3.47.7.                               │
│   Run "pnpm approve-builds" to pick which dependencies should be allowed     │
│   to run scripts.                                                            │
│                                                                              │
╰──────────────────────────────────────────────────────────────────────────────╯
Done in 3.7s using pnpm v10.26.1

> @workspace/db@0.0.0 push /home/runner/workspace/lib/db
> drizzle-kit push --config ./drizzle.config.ts

Reading config file '/home/runner/workspace/lib/db/drizzle.config.ts'
Using 'pg' driver for database querying
[⣷] Pulling schema from database...
[2K[1G[⣯] Pulling schema from database...
[2K[1G[⣟] Pulling schema from database...
[2K[1G[⡿] Pulling schema from database...
[2K[1G[⢿] Pulling schema from database...
[2K[1G[⣻] Pulling schema from database...
[2K[1G[⣽] Pulling schema from database...
[2K[1G[⣷] Pulling schema from database...
[2K[1G[✓] Pulling schema from database...
[✓] Changes applied
