
 RUN  v4.1.10 /home/runner/workspace/artifacts/api-server

--------------------------------------------------------------------------------[03:25:34.995] [32mINFO[39m (9243): [36mrequest completed[39m
    [35mreq[39m: {
      "id": 1,
      "method": "POST",
      "url": "/api/ai/chat/apply-changes"
    }
    [35mres[39m: {
      "statusCode": 400
    }
    [35mresponseTime[39m: 34
[03:25:35.029] [32mINFO[39m (9243): [36mrequest completed[39m
    [35mreq[39m: {
      "id": 2,
      "method": "POST",
      "url": "/api/ai/chat/apply-changes"
    }
    [35mres[39m: {
      "statusCode": 400
    }
    [35mresponseTime[39m: 4
··